nohup: ignoring input
INFO:     Started server process [29773]
INFO:     Waiting for application startup.
INFO:     Application startup complete.
INFO:     Uvicorn running on http://0.0.0.0:8000 (Press CTRL+C to quit)
INFO:     127.0.0.1:56724 - "GET /docs HTTP/1.1" 200 OK
INFO:     106.194.196.52:41680 - "POST /login HTTP/1.1" 200 OK
/home/ec2-user/evspot-backend/venv/lib64/python3.9/site-packages/sklearn/utils/validation.py:2739: UserWarning: X does not have valid feature names, but RandomForestRegressor was fitted with feature names
  warnings.warn(
/home/ec2-user/evspot-backend/venv/lib64/python3.9/site-packages/sklearn/utils/validation.py:2739: UserWarning: X does not have valid feature names, but RandomForestRegressor was fitted with feature names
  warnings.warn(
/home/ec2-user/evspot-backend/venv/lib64/python3.9/site-packages/sklearn/utils/validation.py:2739: UserWarning: X does not have valid feature names, but RandomForestRegressor was fitted with feature names
  warnings.warn(
/home/ec2-user/evspot-backend/venv/lib64/python3.9/site-packages/sklearn/utils/validation.py:2739: UserWarning: X does not have valid feature names, but RandomForestRegressor was fitted with feature names
  warnings.warn(
/home/ec2-user/evspot-backend/venv/lib64/python3.9/site-packages/sklearn/utils/validation.py:2739: UserWarning: X does not have valid feature names, but RandomForestRegressor was fitted with feature names
  warnings.warn(
/home/ec2-user/evspot-backend/venv/lib64/python3.9/site-packages/sklearn/utils/validation.py:2739: UserWarning: X does not have valid feature names, but RandomForestRegressor was fitted with feature names
  warnings.warn(
/home/ec2-user/evspot-backend/venv/lib64/python3.9/site-packages/sklearn/utils/validation.py:2739: UserWarning: X does not have valid feature names, but RandomForestRegressor was fitted with feature names
  warnings.warn(
/home/ec2-user/evspot-backend/venv/lib64/python3.9/site-packages/sklearn/utils/validation.py:2739: UserWarning: X does not have valid feature names, but RandomForestRegressor was fitted with feature names
  warnings.warn(
/home/ec2-user/evspot-backend/venv/lib64/python3.9/site-packages/sklearn/utils/validation.py:2739: UserWarning: X does not have valid feature names, but RandomForestRegressor was fitted with feature names
  warnings.warn(
/home/ec2-user/evspot-backend/venv/lib64/python3.9/site-packages/sklearn/utils/validation.py:2739: UserWarning: X does not have valid feature names, but RandomForestRegressor was fitted with feature names
  warnings.warn(
/home/ec2-user/evspot-backend/venv/lib64/python3.9/site-packages/sklearn/utils/validation.py:2739: UserWarning: X does not have valid feature names, but RandomForestRegressor was fitted with feature names
  warnings.warn(
/home/ec2-user/evspot-backend/venv/lib64/python3.9/site-packages/sklearn/utils/validation.py:2739: UserWarning: X does not have valid feature names, but RandomForestRegressor was fitted with feature names
  warnings.warn(
/home/ec2-user/evspot-backend/venv/lib64/python3.9/site-packages/sklearn/utils/validation.py:2739: UserWarning: X does not have valid feature names, but RandomForestRegressor was fitted with feature names
  warnings.warn(
/home/ec2-user/evspot-backend/venv/lib64/python3.9/site-packages/sklearn/utils/validation.py:2739: UserWarning: X does not have valid feature names, but RandomForestRegressor was fitted with feature names
  warnings.warn(
/home/ec2-user/evspot-backend/venv/lib64/python3.9/site-packages/sklearn/utils/validation.py:2739: UserWarning: X does not have valid feature names, but RandomForestRegressor was fitted with feature names
  warnings.warn(
/home/ec2-user/evspot-backend/venv/lib64/python3.9/site-packages/sklearn/utils/validation.py:2739: UserWarning: X does not have valid feature names, but RandomForestRegressor was fitted with feature names
  warnings.warn(
/home/ec2-user/evspot-backend/venv/lib64/python3.9/site-packages/sklearn/utils/validation.py:2739: UserWarning: X does not have valid feature names, but RandomForestRegressor was fitted with feature names
  warnings.warn(
/home/ec2-user/evspot-backend/venv/lib64/python3.9/site-packages/sklearn/utils/validation.py:2739: UserWarning: X does not have valid feature names, but RandomForestRegressor was fitted with feature names
  warnings.warn(
/home/ec2-user/evspot-backend/venv/lib64/python3.9/site-packages/sklearn/utils/validation.py:2739: UserWarning: X does not have valid feature names, but RandomForestRegressor was fitted with feature names
  warnings.warn(
/home/ec2-user/evspot-backend/venv/lib64/python3.9/site-packages/sklearn/utils/validation.py:2739: UserWarning: X does not have valid feature names, but RandomForestRegressor was fitted with feature names
  warnings.warn(
/home/ec2-user/evspot-backend/venv/lib64/python3.9/site-packages/sklearn/utils/validation.py:2739: UserWarning: X does not have valid feature names, but RandomForestRegressor was fitted with feature names
  warnings.warn(
/home/ec2-user/evspot-backend/venv/lib64/python3.9/site-packages/sklearn/utils/validation.py:2739: UserWarning: X does not have valid feature names, but RandomForestRegressor was fitted with feature names
  warnings.warn(
/home/ec2-user/evspot-backend/venv/lib64/python3.9/site-packages/sklearn/utils/validation.py:2739: UserWarning: X does not have valid feature names, but RandomForestRegressor was fitted with feature names
  warnings.warn(
/home/ec2-user/evspot-backend/venv/lib64/python3.9/site-packages/sklearn/utils/validation.py:2739: UserWarning: X does not have valid feature names, but RandomForestRegressor was fitted with feature names
  warnings.warn(
/home/ec2-user/evspot-backend/venv/lib64/python3.9/site-packages/sklearn/utils/validation.py:2739: UserWarning: X does not have valid feature names, but RandomForestRegressor was fitted with feature names
  warnings.warn(
/home/ec2-user/evspot-backend/venv/lib64/python3.9/site-packages/sklearn/utils/validation.py:2739: UserWarning: X does not have valid feature names, but RandomForestRegressor was fitted with feature names
  warnings.warn(
/home/ec2-user/evspot-backend/venv/lib64/python3.9/site-packages/sklearn/utils/validation.py:2739: UserWarning: X does not have valid feature names, but RandomForestRegressor was fitted with feature names
  warnings.warn(
/home/ec2-user/evspot-backend/venv/lib64/python3.9/site-packages/sklearn/utils/validation.py:2739: UserWarning: X does not have valid feature names, but RandomForestRegressor was fitted with feature names
  warnings.warn(
/home/ec2-user/evspot-backend/venv/lib64/python3.9/site-packages/sklearn/utils/validation.py:2739: UserWarning: X does not have valid feature names, but RandomForestRegressor was fitted with feature names
  warnings.warn(
/home/ec2-user/evspot-backend/venv/lib64/python3.9/site-packages/sklearn/utils/validation.py:2739: UserWarning: X does not have valid feature names, but RandomForestRegressor was fitted with feature names
  warnings.warn(
/home/ec2-user/evspot-backend/venv/lib64/python3.9/site-packages/sklearn/utils/validation.py:2739: UserWarning: X does not have valid feature names, but RandomForestRegressor was fitted with feature names
  warnings.warn(
/home/ec2-user/evspot-backend/venv/lib64/python3.9/site-packages/sklearn/utils/validation.py:2739: UserWarning: X does not have valid feature names, but RandomForestRegressor was fitted with feature names
  warnings.warn(
/home/ec2-user/evspot-backend/venv/lib64/python3.9/site-packages/sklearn/utils/validation.py:2739: UserWarning: X does not have valid feature names, but RandomForestRegressor was fitted with feature names
  warnings.warn(
/home/ec2-user/evspot-backend/venv/lib64/python3.9/site-packages/sklearn/utils/validation.py:2739: UserWarning: X does not have valid feature names, but RandomForestRegressor was fitted with feature names
  warnings.warn(
/home/ec2-user/evspot-backend/venv/lib64/python3.9/site-packages/sklearn/utils/validation.py:2739: UserWarning: X does not have valid feature names, but RandomForestRegressor was fitted with feature names
  warnings.warn(
/home/ec2-user/evspot-backend/venv/lib64/python3.9/site-packages/sklearn/utils/validation.py:2739: UserWarning: X does not have valid feature names, but RandomForestRegressor was fitted with feature names
  warnings.warn(
/home/ec2-user/evspot-backend/venv/lib64/python3.9/site-packages/sklearn/utils/validation.py:2739: UserWarning: X does not have valid feature names, but RandomForestRegressor was fitted with feature names
  warnings.warn(
/home/ec2-user/evspot-backend/venv/lib64/python3.9/site-packages/sklearn/utils/validation.py:2739: UserWarning: X does not have valid feature names, but RandomForestRegressor was fitted with feature names
  warnings.warn(
INFO:     106.194.196.52:41670 - "POST /plan-trip HTTP/1.1" 200 OK
INFO:     106.194.196.52:44518 - "POST /login HTTP/1.1" 200 OK
/home/ec2-user/evspot-backend/venv/lib64/python3.9/site-packages/sklearn/utils/validation.py:2739: UserWarning: X does not have valid feature names, but RandomForestRegressor was fitted with feature names
  warnings.warn(
/home/ec2-user/evspot-backend/venv/lib64/python3.9/site-packages/sklearn/utils/validation.py:2739: UserWarning: X does not have valid feature names, but RandomForestRegressor was fitted with feature names
  warnings.warn(
/home/ec2-user/evspot-backend/venv/lib64/python3.9/site-packages/sklearn/utils/validation.py:2739: UserWarning: X does not have valid feature names, but RandomForestRegressor was fitted with feature names
  warnings.warn(
/home/ec2-user/evspot-backend/venv/lib64/python3.9/site-packages/sklearn/utils/validation.py:2739: UserWarning: X does not have valid feature names, but RandomForestRegressor was fitted with feature names
  warnings.warn(
/home/ec2-user/evspot-backend/venv/lib64/python3.9/site-packages/sklearn/utils/validation.py:2739: UserWarning: X does not have valid feature names, but RandomForestRegressor was fitted with feature names
  warnings.warn(
/home/ec2-user/evspot-backend/venv/lib64/python3.9/site-packages/sklearn/utils/validation.py:2739: UserWarning: X does not have valid feature names, but RandomForestRegressor was fitted with feature names
  warnings.warn(
/home/ec2-user/evspot-backend/venv/lib64/python3.9/site-packages/sklearn/utils/validation.py:2739: UserWarning: X does not have valid feature names, but RandomForestRegressor was fitted with feature names
  warnings.warn(
/home/ec2-user/evspot-backend/venv/lib64/python3.9/site-packages/sklearn/utils/validation.py:2739: UserWarning: X does not have valid feature names, but RandomForestRegressor was fitted with feature names
  warnings.warn(
/home/ec2-user/evspot-backend/venv/lib64/python3.9/site-packages/sklearn/utils/validation.py:2739: UserWarning: X does not have valid feature names, but RandomForestRegressor was fitted with feature names
  warnings.warn(
/home/ec2-user/evspot-backend/venv/lib64/python3.9/site-packages/sklearn/utils/validation.py:2739: UserWarning: X does not have valid feature names, but RandomForestRegressor was fitted with feature names
  warnings.warn(
/home/ec2-user/evspot-backend/venv/lib64/python3.9/site-packages/sklearn/utils/validation.py:2739: UserWarning: X does not have valid feature names, but RandomForestRegressor was fitted with feature names
  warnings.warn(
/home/ec2-user/evspot-backend/venv/lib64/python3.9/site-packages/sklearn/utils/validation.py:2739: UserWarning: X does not have valid feature names, but RandomForestRegressor was fitted with feature names
  warnings.warn(
/home/ec2-user/evspot-backend/venv/lib64/python3.9/site-packages/sklearn/utils/validation.py:2739: UserWarning: X does not have valid feature names, but RandomForestRegressor was fitted with feature names
  warnings.warn(
/home/ec2-user/evspot-backend/venv/lib64/python3.9/site-packages/sklearn/utils/validation.py:2739: UserWarning: X does not have valid feature names, but RandomForestRegressor was fitted with feature names
  warnings.warn(
/home/ec2-user/evspot-backend/venv/lib64/python3.9/site-packages/sklearn/utils/validation.py:2739: UserWarning: X does not have valid feature names, but RandomForestRegressor was fitted with feature names
  warnings.warn(
/home/ec2-user/evspot-backend/venv/lib64/python3.9/site-packages/sklearn/utils/validation.py:2739: UserWarning: X does not have valid feature names, but RandomForestRegressor was fitted with feature names
  warnings.warn(
/home/ec2-user/evspot-backend/venv/lib64/python3.9/site-packages/sklearn/utils/validation.py:2739: UserWarning: X does not have valid feature names, but RandomForestRegressor was fitted with feature names
  warnings.warn(
/home/ec2-user/evspot-backend/venv/lib64/python3.9/site-packages/sklearn/utils/validation.py:2739: UserWarning: X does not have valid feature names, but RandomForestRegressor was fitted with feature names
  warnings.warn(
/home/ec2-user/evspot-backend/venv/lib64/python3.9/site-packages/sklearn/utils/validation.py:2739: UserWarning: X does not have valid feature names, but RandomForestRegressor was fitted with feature names
  warnings.warn(
/home/ec2-user/evspot-backend/venv/lib64/python3.9/site-packages/sklearn/utils/validation.py:2739: UserWarning: X does not have valid feature names, but RandomForestRegressor was fitted with feature names
  warnings.warn(
/home/ec2-user/evspot-backend/venv/lib64/python3.9/site-packages/sklearn/utils/validation.py:2739: UserWarning: X does not have valid feature names, but RandomForestRegressor was fitted with feature names
  warnings.warn(
/home/ec2-user/evspot-backend/venv/lib64/python3.9/site-packages/sklearn/utils/validation.py:2739: UserWarning: X does not have valid feature names, but RandomForestRegressor was fitted with feature names
  warnings.warn(
/home/ec2-user/evspot-backend/venv/lib64/python3.9/site-packages/sklearn/utils/validation.py:2739: UserWarning: X does not have valid feature names, but RandomForestRegressor was fitted with feature names
  warnings.warn(
/home/ec2-user/evspot-backend/venv/lib64/python3.9/site-packages/sklearn/utils/validation.py:2739: UserWarning: X does not have valid feature names, but RandomForestRegressor was fitted with feature names
  warnings.warn(
/home/ec2-user/evspot-backend/venv/lib64/python3.9/site-packages/sklearn/utils/validation.py:2739: UserWarning: X does not have valid feature names, but RandomForestRegressor was fitted with feature names
  warnings.warn(
/home/ec2-user/evspot-backend/venv/lib64/python3.9/site-packages/sklearn/utils/validation.py:2739: UserWarning: X does not have valid feature names, but RandomForestRegressor was fitted with feature names
  warnings.warn(
/home/ec2-user/evspot-backend/venv/lib64/python3.9/site-packages/sklearn/utils/validation.py:2739: UserWarning: X does not have valid feature names, but RandomForestRegressor was fitted with feature names
  warnings.warn(
/home/ec2-user/evspot-backend/venv/lib64/python3.9/site-packages/sklearn/utils/validation.py:2739: UserWarning: X does not have valid feature names, but RandomForestRegressor was fitted with feature names
  warnings.warn(
/home/ec2-user/evspot-backend/venv/lib64/python3.9/site-packages/sklearn/utils/validation.py:2739: UserWarning: X does not have valid feature names, but RandomForestRegressor was fitted with feature names
  warnings.warn(
/home/ec2-user/evspot-backend/venv/lib64/python3.9/site-packages/sklearn/utils/validation.py:2739: UserWarning: X does not have valid feature names, but RandomForestRegressor was fitted with feature names
  warnings.warn(
/home/ec2-user/evspot-backend/venv/lib64/python3.9/site-packages/sklearn/utils/validation.py:2739: UserWarning: X does not have valid feature names, but RandomForestRegressor was fitted with feature names
  warnings.warn(
/home/ec2-user/evspot-backend/venv/lib64/python3.9/site-packages/sklearn/utils/validation.py:2739: UserWarning: X does not have valid feature names, but RandomForestRegressor was fitted with feature names
  warnings.warn(
/home/ec2-user/evspot-backend/venv/lib64/python3.9/site-packages/sklearn/utils/validation.py:2739: UserWarning: X does not have valid feature names, but RandomForestRegressor was fitted with feature names
  warnings.warn(
/home/ec2-user/evspot-backend/venv/lib64/python3.9/site-packages/sklearn/utils/validation.py:2739: UserWarning: X does not have valid feature names, but RandomForestRegressor was fitted with feature names
  warnings.warn(
/home/ec2-user/evspot-backend/venv/lib64/python3.9/site-packages/sklearn/utils/validation.py:2739: UserWarning: X does not have valid feature names, but RandomForestRegressor was fitted with feature names
  warnings.warn(
/home/ec2-user/evspot-backend/venv/lib64/python3.9/site-packages/sklearn/utils/validation.py:2739: UserWarning: X does not have valid feature names, but RandomForestRegressor was fitted with feature names
  warnings.warn(
INFO:     106.194.196.52:45216 - "POST /plan-trip HTTP/1.1" 200 OK
INFO:     106.194.196.52:45214 - "POST /login HTTP/1.1" 200 OK
/home/ec2-user/evspot-backend/venv/lib64/python3.9/site-packages/sklearn/utils/validation.py:2739: UserWarning: X does not have valid feature names, but RandomForestRegressor was fitted with feature names
  warnings.warn(
/home/ec2-user/evspot-backend/venv/lib64/python3.9/site-packages/sklearn/utils/validation.py:2739: UserWarning: X does not have valid feature names, but RandomForestRegressor was fitted with feature names
  warnings.warn(
/home/ec2-user/evspot-backend/venv/lib64/python3.9/site-packages/sklearn/utils/validation.py:2739: UserWarning: X does not have valid feature names, but RandomForestRegressor was fitted with feature names
  warnings.warn(
/home/ec2-user/evspot-backend/venv/lib64/python3.9/site-packages/sklearn/utils/validation.py:2739: UserWarning: X does not have valid feature names, but RandomForestRegressor was fitted with feature names
  warnings.warn(
/home/ec2-user/evspot-backend/venv/lib64/python3.9/site-packages/sklearn/utils/validation.py:2739: UserWarning: X does not have valid feature names, but RandomForestRegressor was fitted with feature names
  warnings.warn(
/home/ec2-user/evspot-backend/venv/lib64/python3.9/site-packages/sklearn/utils/validation.py:2739: UserWarning: X does not have valid feature names, but RandomForestRegressor was fitted with feature names
  warnings.warn(
/home/ec2-user/evspot-backend/venv/lib64/python3.9/site-packages/sklearn/utils/validation.py:2739: UserWarning: X does not have valid feature names, but RandomForestRegressor was fitted with feature names
  warnings.warn(
/home/ec2-user/evspot-backend/venv/lib64/python3.9/site-packages/sklearn/utils/validation.py:2739: UserWarning: X does not have valid feature names, but RandomForestRegressor was fitted with feature names
  warnings.warn(
/home/ec2-user/evspot-backend/venv/lib64/python3.9/site-packages/sklearn/utils/validation.py:2739: UserWarning: X does not have valid feature names, but RandomForestRegressor was fitted with feature names
  warnings.warn(
/home/ec2-user/evspot-backend/venv/lib64/python3.9/site-packages/sklearn/utils/validation.py:2739: UserWarning: X does not have valid feature names, but RandomForestRegressor was fitted with feature names
  warnings.warn(
/home/ec2-user/evspot-backend/venv/lib64/python3.9/site-packages/sklearn/utils/validation.py:2739: UserWarning: X does not have valid feature names, but RandomForestRegressor was fitted with feature names
  warnings.warn(
/home/ec2-user/evspot-backend/venv/lib64/python3.9/site-packages/sklearn/utils/validation.py:2739: UserWarning: X does not have valid feature names, but RandomForestRegressor was fitted with feature names
  warnings.warn(
/home/ec2-user/evspot-backend/venv/lib64/python3.9/site-packages/sklearn/utils/validation.py:2739: UserWarning: X does not have valid feature names, but RandomForestRegressor was fitted with feature names
  warnings.warn(
/home/ec2-user/evspot-backend/venv/lib64/python3.9/site-packages/sklearn/utils/validation.py:2739: UserWarning: X does not have valid feature names, but RandomForestRegressor was fitted with feature names
  warnings.warn(
/home/ec2-user/evspot-backend/venv/lib64/python3.9/site-packages/sklearn/utils/validation.py:2739: UserWarning: X does not have valid feature names, but RandomForestRegressor was fitted with feature names
  warnings.warn(
/home/ec2-user/evspot-backend/venv/lib64/python3.9/site-packages/sklearn/utils/validation.py:2739: UserWarning: X does not have valid feature names, but RandomForestRegressor was fitted with feature names
  warnings.warn(
/home/ec2-user/evspot-backend/venv/lib64/python3.9/site-packages/sklearn/utils/validation.py:2739: UserWarning: X does not have valid feature names, but RandomForestRegressor was fitted with feature names
  warnings.warn(
/home/ec2-user/evspot-backend/venv/lib64/python3.9/site-packages/sklearn/utils/validation.py:2739: UserWarning: X does not have valid feature names, but RandomForestRegressor was fitted with feature names
  warnings.warn(
/home/ec2-user/evspot-backend/venv/lib64/python3.9/site-packages/sklearn/utils/validation.py:2739: UserWarning: X does not have valid feature names, but RandomForestRegressor was fitted with feature names
  warnings.warn(
/home/ec2-user/evspot-backend/venv/lib64/python3.9/site-packages/sklearn/utils/validation.py:2739: UserWarning: X does not have valid feature names, but RandomForestRegressor was fitted with feature names
  warnings.warn(
/home/ec2-user/evspot-backend/venv/lib64/python3.9/site-packages/sklearn/utils/validation.py:2739: UserWarning: X does not have valid feature names, but RandomForestRegressor was fitted with feature names
  warnings.warn(
/home/ec2-user/evspot-backend/venv/lib64/python3.9/site-packages/sklearn/utils/validation.py:2739: UserWarning: X does not have valid feature names, but RandomForestRegressor was fitted with feature names
  warnings.warn(
/home/ec2-user/evspot-backend/venv/lib64/python3.9/site-packages/sklearn/utils/validation.py:2739: UserWarning: X does not have valid feature names, but RandomForestRegressor was fitted with feature names
  warnings.warn(
/home/ec2-user/evspot-backend/venv/lib64/python3.9/site-packages/sklearn/utils/validation.py:2739: UserWarning: X does not have valid feature names, but RandomForestRegressor was fitted with feature names
  warnings.warn(
/home/ec2-user/evspot-backend/venv/lib64/python3.9/site-packages/sklearn/utils/validation.py:2739: UserWarning: X does not have valid feature names, but RandomForestRegressor was fitted with feature names
  warnings.warn(
/home/ec2-user/evspot-backend/venv/lib64/python3.9/site-packages/sklearn/utils/validation.py:2739: UserWarning: X does not have valid feature names, but RandomForestRegressor was fitted with feature names
  warnings.warn(
/home/ec2-user/evspot-backend/venv/lib64/python3.9/site-packages/sklearn/utils/validation.py:2739: UserWarning: X does not have valid feature names, but RandomForestRegressor was fitted with feature names
  warnings.warn(
/home/ec2-user/evspot-backend/venv/lib64/python3.9/site-packages/sklearn/utils/validation.py:2739: UserWarning: X does not have valid feature names, but RandomForestRegressor was fitted with feature names
  warnings.warn(
/home/ec2-user/evspot-backend/venv/lib64/python3.9/site-packages/sklearn/utils/validation.py:2739: UserWarning: X does not have valid feature names, but RandomForestRegressor was fitted with feature names
  warnings.warn(
/home/ec2-user/evspot-backend/venv/lib64/python3.9/site-packages/sklearn/utils/validation.py:2739: UserWarning: X does not have valid feature names, but RandomForestRegressor was fitted with feature names
  warnings.warn(
/home/ec2-user/evspot-backend/venv/lib64/python3.9/site-packages/sklearn/utils/validation.py:2739: UserWarning: X does not have valid feature names, but RandomForestRegressor was fitted with feature names
  warnings.warn(
/home/ec2-user/evspot-backend/venv/lib64/python3.9/site-packages/sklearn/utils/validation.py:2739: UserWarning: X does not have valid feature names, but RandomForestRegressor was fitted with feature names
  warnings.warn(
/home/ec2-user/evspot-backend/venv/lib64/python3.9/site-packages/sklearn/utils/validation.py:2739: UserWarning: X does not have valid feature names, but RandomForestRegressor was fitted with feature names
  warnings.warn(
/home/ec2-user/evspot-backend/venv/lib64/python3.9/site-packages/sklearn/utils/validation.py:2739: UserWarning: X does not have valid feature names, but RandomForestRegressor was fitted with feature names
  warnings.warn(
/home/ec2-user/evspot-backend/venv/lib64/python3.9/site-packages/sklearn/utils/validation.py:2739: UserWarning: X does not have valid feature names, but RandomForestRegressor was fitted with feature names
  warnings.warn(
/home/ec2-user/evspot-backend/venv/lib64/python3.9/site-packages/sklearn/utils/validation.py:2739: UserWarning: X does not have valid feature names, but RandomForestRegressor was fitted with feature names
  warnings.warn(
/home/ec2-user/evspot-backend/venv/lib64/python3.9/site-packages/sklearn/utils/validation.py:2739: UserWarning: X does not have valid feature names, but RandomForestRegressor was fitted with feature names
  warnings.warn(
/home/ec2-user/evspot-backend/venv/lib64/python3.9/site-packages/sklearn/utils/validation.py:2739: UserWarning: X does not have valid feature names, but RandomForestRegressor was fitted with feature names
  warnings.warn(
/home/ec2-user/evspot-backend/venv/lib64/python3.9/site-packages/sklearn/utils/validation.py:2739: UserWarning: X does not have valid feature names, but RandomForestRegressor was fitted with feature names
  warnings.warn(
/home/ec2-user/evspot-backend/venv/lib64/python3.9/site-packages/sklearn/utils/validation.py:2739: UserWarning: X does not have valid feature names, but RandomForestRegressor was fitted with feature names
  warnings.warn(
/home/ec2-user/evspot-backend/venv/lib64/python3.9/site-packages/sklearn/utils/validation.py:2739: UserWarning: X does not have valid feature names, but RandomForestRegressor was fitted with feature names
  warnings.warn(
/home/ec2-user/evspot-backend/venv/lib64/python3.9/site-packages/sklearn/utils/validation.py:2739: UserWarning: X does not have valid feature names, but RandomForestRegressor was fitted with feature names
  warnings.warn(
/home/ec2-user/evspot-backend/venv/lib64/python3.9/site-packages/sklearn/utils/validation.py:2739: UserWarning: X does not have valid feature names, but RandomForestRegressor was fitted with feature names
  warnings.warn(
INFO:     106.194.196.52:45214 - "POST /plan-trip HTTP/1.1" 200 OK
/home/ec2-user/evspot-backend/venv/lib64/python3.9/site-packages/sklearn/utils/validation.py:2739: UserWarning: X does not have valid feature names, but RandomForestRegressor was fitted with feature names
  warnings.warn(
/home/ec2-user/evspot-backend/venv/lib64/python3.9/site-packages/sklearn/utils/validation.py:2739: UserWarning: X does not have valid feature names, but RandomForestRegressor was fitted with feature names
  warnings.warn(
/home/ec2-user/evspot-backend/venv/lib64/python3.9/site-packages/sklearn/utils/validation.py:2739: UserWarning: X does not have valid feature names, but RandomForestRegressor was fitted with feature names
  warnings.warn(
/home/ec2-user/evspot-backend/venv/lib64/python3.9/site-packages/sklearn/utils/validation.py:2739: UserWarning: X does not have valid feature names, but RandomForestRegressor was fitted with feature names
  warnings.warn(
/home/ec2-user/evspot-backend/venv/lib64/python3.9/site-packages/sklearn/utils/validation.py:2739: UserWarning: X does not have valid feature names, but RandomForestRegressor was fitted with feature names
  warnings.warn(
/home/ec2-user/evspot-backend/venv/lib64/python3.9/site-packages/sklearn/utils/validation.py:2739: UserWarning: X does not have valid feature names, but RandomForestRegressor was fitted with feature names
  warnings.warn(
/home/ec2-user/evspot-backend/venv/lib64/python3.9/site-packages/sklearn/utils/validation.py:2739: UserWarning: X does not have valid feature names, but RandomForestRegressor was fitted with feature names
  warnings.warn(
/home/ec2-user/evspot-backend/venv/lib64/python3.9/site-packages/sklearn/utils/validation.py:2739: UserWarning: X does not have valid feature names, but RandomForestRegressor was fitted with feature names
  warnings.warn(
/home/ec2-user/evspot-backend/venv/lib64/python3.9/site-packages/sklearn/utils/validation.py:2739: UserWarning: X does not have valid feature names, but RandomForestRegressor was fitted with feature names
  warnings.warn(
/home/ec2-user/evspot-backend/venv/lib64/python3.9/site-packages/sklearn/utils/validation.py:2739: UserWarning: X does not have valid feature names, but RandomForestRegressor was fitted with feature names
  warnings.warn(
/home/ec2-user/evspot-backend/venv/lib64/python3.9/site-packages/sklearn/utils/validation.py:2739: UserWarning: X does not have valid feature names, but RandomForestRegressor was fitted with feature names
  warnings.warn(
/home/ec2-user/evspot-backend/venv/lib64/python3.9/site-packages/sklearn/utils/validation.py:2739: UserWarning: X does not have valid feature names, but RandomForestRegressor was fitted with feature names
  warnings.warn(
/home/ec2-user/evspot-backend/venv/lib64/python3.9/site-packages/sklearn/utils/validation.py:2739: UserWarning: X does not have valid feature names, but RandomForestRegressor was fitted with feature names
  warnings.warn(
/home/ec2-user/evspot-backend/venv/lib64/python3.9/site-packages/sklearn/utils/validation.py:2739: UserWarning: X does not have valid feature names, but RandomForestRegressor was fitted with feature names
  warnings.warn(
/home/ec2-user/evspot-backend/venv/lib64/python3.9/site-packages/sklearn/utils/validation.py:2739: UserWarning: X does not have valid feature names, but RandomForestRegressor was fitted with feature names
  warnings.warn(
/home/ec2-user/evspot-backend/venv/lib64/python3.9/site-packages/sklearn/utils/validation.py:2739: UserWarning: X does not have valid feature names, but RandomForestRegressor was fitted with feature names
  warnings.warn(
/home/ec2-user/evspot-backend/venv/lib64/python3.9/site-packages/sklearn/utils/validation.py:2739: UserWarning: X does not have valid feature names, but RandomForestRegressor was fitted with feature names
  warnings.warn(
/home/ec2-user/evspot-backend/venv/lib64/python3.9/site-packages/sklearn/utils/validation.py:2739: UserWarning: X does not have valid feature names, but RandomForestRegressor was fitted with feature names
  warnings.warn(
/home/ec2-user/evspot-backend/venv/lib64/python3.9/site-packages/sklearn/utils/validation.py:2739: UserWarning: X does not have valid feature names, but RandomForestRegressor was fitted with feature names
  warnings.warn(
/home/ec2-user/evspot-backend/venv/lib64/python3.9/site-packages/sklearn/utils/validation.py:2739: UserWarning: X does not have valid feature names, but RandomForestRegressor was fitted with feature names
  warnings.warn(
INFO:     106.194.196.52:45208 - "POST /plan-trip HTTP/1.1" 500 Internal Server Error
ERROR:    Exception in ASGI application
Traceback (most recent call last):
  File "/home/ec2-user/evspot-backend/venv/lib64/python3.9/site-packages/uvicorn/protocols/http/h11_impl.py", line 409, in run_asgi
    result = await app(  # type: ignore[func-returns-value]
  File "/home/ec2-user/evspot-backend/venv/lib64/python3.9/site-packages/uvicorn/middleware/proxy_headers.py", line 60, in __call__
    return await self.app(scope, receive, send)
  File "/home/ec2-user/evspot-backend/venv/lib64/python3.9/site-packages/fastapi/applications.py", line 1138, in __call__
    await super().__call__(scope, receive, send)
  File "/home/ec2-user/evspot-backend/venv/lib64/python3.9/site-packages/starlette/applications.py", line 113, in __call__
    await self.middleware_stack(scope, receive, send)
  File "/home/ec2-user/evspot-backend/venv/lib64/python3.9/site-packages/starlette/middleware/errors.py", line 186, in __call__
    raise exc
  File "/home/ec2-user/evspot-backend/venv/lib64/python3.9/site-packages/starlette/middleware/errors.py", line 164, in __call__
    await self.app(scope, receive, _send)
  File "/home/ec2-user/evspot-backend/venv/lib64/python3.9/site-packages/starlette/middleware/exceptions.py", line 63, in __call__
    await wrap_app_handling_exceptions(self.app, conn)(scope, receive, send)
  File "/home/ec2-user/evspot-backend/venv/lib64/python3.9/site-packages/starlette/_exception_handler.py", line 53, in wrapped_app
    raise exc
  File "/home/ec2-user/evspot-backend/venv/lib64/python3.9/site-packages/starlette/_exception_handler.py", line 42, in wrapped_app
    await app(scope, receive, sender)
  File "/home/ec2-user/evspot-backend/venv/lib64/python3.9/site-packages/fastapi/middleware/asyncexitstack.py", line 18, in __call__
    await self.app(scope, receive, send)
  File "/home/ec2-user/evspot-backend/venv/lib64/python3.9/site-packages/starlette/routing.py", line 716, in __call__
    await self.middleware_stack(scope, receive, send)
  File "/home/ec2-user/evspot-backend/venv/lib64/python3.9/site-packages/starlette/routing.py", line 736, in app
    await route.handle(scope, receive, send)
  File "/home/ec2-user/evspot-backend/venv/lib64/python3.9/site-packages/starlette/routing.py", line 290, in handle
    await self.app(scope, receive, send)
  File "/home/ec2-user/evspot-backend/venv/lib64/python3.9/site-packages/fastapi/routing.py", line 121, in app
    await wrap_app_handling_exceptions(app, request)(scope, receive, send)
  File "/home/ec2-user/evspot-backend/venv/lib64/python3.9/site-packages/starlette/_exception_handler.py", line 53, in wrapped_app
    raise exc
  File "/home/ec2-user/evspot-backend/venv/lib64/python3.9/site-packages/starlette/_exception_handler.py", line 42, in wrapped_app
    await app(scope, receive, sender)
  File "/home/ec2-user/evspot-backend/venv/lib64/python3.9/site-packages/fastapi/routing.py", line 107, in app
    response = await f(request)
  File "/home/ec2-user/evspot-backend/venv/lib64/python3.9/site-packages/fastapi/routing.py", line 426, in app
    raw_response = await run_endpoint_function(
  File "/home/ec2-user/evspot-backend/venv/lib64/python3.9/site-packages/fastapi/routing.py", line 316, in run_endpoint_function
    return await run_in_threadpool(dependant.call, **values)
  File "/home/ec2-user/evspot-backend/venv/lib64/python3.9/site-packages/starlette/concurrency.py", line 38, in run_in_threadpool
    return await anyio.to_thread.run_sync(func)
  File "/home/ec2-user/evspot-backend/venv/lib64/python3.9/site-packages/anyio/to_thread.py", line 63, in run_sync
    return await get_async_backend().run_sync_in_worker_thread(
  File "/home/ec2-user/evspot-backend/venv/lib64/python3.9/site-packages/anyio/_backends/_asyncio.py", line 2502, in run_sync_in_worker_thread
    return await future
  File "/home/ec2-user/evspot-backend/venv/lib64/python3.9/site-packages/anyio/_backends/_asyncio.py", line 986, in run
    result = context.run(func, *args)
  File "/home/ec2-user/evspot-backend/main.py", line 378, in plan_trip
    best = min(
ValueError: min() arg is an empty sequence
/home/ec2-user/evspot-backend/venv/lib64/python3.9/site-packages/sklearn/utils/validation.py:2739: UserWarning: X does not have valid feature names, but RandomForestRegressor was fitted with feature names
  warnings.warn(
/home/ec2-user/evspot-backend/venv/lib64/python3.9/site-packages/sklearn/utils/validation.py:2739: UserWarning: X does not have valid feature names, but RandomForestRegressor was fitted with feature names
  warnings.warn(
/home/ec2-user/evspot-backend/venv/lib64/python3.9/site-packages/sklearn/utils/validation.py:2739: UserWarning: X does not have valid feature names, but RandomForestRegressor was fitted with feature names
  warnings.warn(
/home/ec2-user/evspot-backend/venv/lib64/python3.9/site-packages/sklearn/utils/validation.py:2739: UserWarning: X does not have valid feature names, but RandomForestRegressor was fitted with feature names
  warnings.warn(
/home/ec2-user/evspot-backend/venv/lib64/python3.9/site-packages/sklearn/utils/validation.py:2739: UserWarning: X does not have valid feature names, but RandomForestRegressor was fitted with feature names
  warnings.warn(
/home/ec2-user/evspot-backend/venv/lib64/python3.9/site-packages/sklearn/utils/validation.py:2739: UserWarning: X does not have valid feature names, but RandomForestRegressor was fitted with feature names
  warnings.warn(
/home/ec2-user/evspot-backend/venv/lib64/python3.9/site-packages/sklearn/utils/validation.py:2739: UserWarning: X does not have valid feature names, but RandomForestRegressor was fitted with feature names
  warnings.warn(
/home/ec2-user/evspot-backend/venv/lib64/python3.9/site-packages/sklearn/utils/validation.py:2739: UserWarning: X does not have valid feature names, but RandomForestRegressor was fitted with feature names
  warnings.warn(
/home/ec2-user/evspot-backend/venv/lib64/python3.9/site-packages/sklearn/utils/validation.py:2739: UserWarning: X does not have valid feature names, but RandomForestRegressor was fitted with feature names
  warnings.warn(
/home/ec2-user/evspot-backend/venv/lib64/python3.9/site-packages/sklearn/utils/validation.py:2739: UserWarning: X does not have valid feature names, but RandomForestRegressor was fitted with feature names
  warnings.warn(
/home/ec2-user/evspot-backend/venv/lib64/python3.9/site-packages/sklearn/utils/validation.py:2739: UserWarning: X does not have valid feature names, but RandomForestRegressor was fitted with feature names
  warnings.warn(
/home/ec2-user/evspot-backend/venv/lib64/python3.9/site-packages/sklearn/utils/validation.py:2739: UserWarning: X does not have valid feature names, but RandomForestRegressor was fitted with feature names
  warnings.warn(
/home/ec2-user/evspot-backend/venv/lib64/python3.9/site-packages/sklearn/utils/validation.py:2739: UserWarning: X does not have valid feature names, but RandomForestRegressor was fitted with feature names
  warnings.warn(
/home/ec2-user/evspot-backend/venv/lib64/python3.9/site-packages/sklearn/utils/validation.py:2739: UserWarning: X does not have valid feature names, but RandomForestRegressor was fitted with feature names
  warnings.warn(
/home/ec2-user/evspot-backend/venv/lib64/python3.9/site-packages/sklearn/utils/validation.py:2739: UserWarning: X does not have valid feature names, but RandomForestRegressor was fitted with feature names
  warnings.warn(
/home/ec2-user/evspot-backend/venv/lib64/python3.9/site-packages/sklearn/utils/validation.py:2739: UserWarning: X does not have valid feature names, but RandomForestRegressor was fitted with feature names
  warnings.warn(
/home/ec2-user/evspot-backend/venv/lib64/python3.9/site-packages/sklearn/utils/validation.py:2739: UserWarning: X does not have valid feature names, but RandomForestRegressor was fitted with feature names
  warnings.warn(
/home/ec2-user/evspot-backend/venv/lib64/python3.9/site-packages/sklearn/utils/validation.py:2739: UserWarning: X does not have valid feature names, but RandomForestRegressor was fitted with feature names
  warnings.warn(
/home/ec2-user/evspot-backend/venv/lib64/python3.9/site-packages/sklearn/utils/validation.py:2739: UserWarning: X does not have valid feature names, but RandomForestRegressor was fitted with feature names
  warnings.warn(
/home/ec2-user/evspot-backend/venv/lib64/python3.9/site-packages/sklearn/utils/validation.py:2739: UserWarning: X does not have valid feature names, but RandomForestRegressor was fitted with feature names
  warnings.warn(
INFO:     106.194.196.52:45210 - "POST /plan-trip HTTP/1.1" 200 OK
/home/ec2-user/evspot-backend/venv/lib64/python3.9/site-packages/sklearn/utils/validation.py:2739: UserWarning: X does not have valid feature names, but RandomForestRegressor was fitted with feature names
  warnings.warn(
/home/ec2-user/evspot-backend/venv/lib64/python3.9/site-packages/sklearn/utils/validation.py:2739: UserWarning: X does not have valid feature names, but RandomForestRegressor was fitted with feature names
  warnings.warn(
/home/ec2-user/evspot-backend/venv/lib64/python3.9/site-packages/sklearn/utils/validation.py:2739: UserWarning: X does not have valid feature names, but RandomForestRegressor was fitted with feature names
  warnings.warn(
/home/ec2-user/evspot-backend/venv/lib64/python3.9/site-packages/sklearn/utils/validation.py:2739: UserWarning: X does not have valid feature names, but RandomForestRegressor was fitted with feature names
  warnings.warn(
/home/ec2-user/evspot-backend/venv/lib64/python3.9/site-packages/sklearn/utils/validation.py:2739: UserWarning: X does not have valid feature names, but RandomForestRegressor was fitted with feature names
  warnings.warn(
/home/ec2-user/evspot-backend/venv/lib64/python3.9/site-packages/sklearn/utils/validation.py:2739: UserWarning: X does not have valid feature names, but RandomForestRegressor was fitted with feature names
  warnings.warn(
/home/ec2-user/evspot-backend/venv/lib64/python3.9/site-packages/sklearn/utils/validation.py:2739: UserWarning: X does not have valid feature names, but RandomForestRegressor was fitted with feature names
  warnings.warn(
/home/ec2-user/evspot-backend/venv/lib64/python3.9/site-packages/sklearn/utils/validation.py:2739: UserWarning: X does not have valid feature names, but RandomForestRegressor was fitted with feature names
  warnings.warn(
/home/ec2-user/evspot-backend/venv/lib64/python3.9/site-packages/sklearn/utils/validation.py:2739: UserWarning: X does not have valid feature names, but RandomForestRegressor was fitted with feature names
  warnings.warn(
/home/ec2-user/evspot-backend/venv/lib64/python3.9/site-packages/sklearn/utils/validation.py:2739: UserWarning: X does not have valid feature names, but RandomForestRegressor was fitted with feature names
  warnings.warn(
/home/ec2-user/evspot-backend/venv/lib64/python3.9/site-packages/sklearn/utils/validation.py:2739: UserWarning: X does not have valid feature names, but RandomForestRegressor was fitted with feature names
  warnings.warn(
/home/ec2-user/evspot-backend/venv/lib64/python3.9/site-packages/sklearn/utils/validation.py:2739: UserWarning: X does not have valid feature names, but RandomForestRegressor was fitted with feature names
  warnings.warn(
/home/ec2-user/evspot-backend/venv/lib64/python3.9/site-packages/sklearn/utils/validation.py:2739: UserWarning: X does not have valid feature names, but RandomForestRegressor was fitted with feature names
  warnings.warn(
/home/ec2-user/evspot-backend/venv/lib64/python3.9/site-packages/sklearn/utils/validation.py:2739: UserWarning: X does not have valid feature names, but RandomForestRegressor was fitted with feature names
  warnings.warn(
/home/ec2-user/evspot-backend/venv/lib64/python3.9/site-packages/sklearn/utils/validation.py:2739: UserWarning: X does not have valid feature names, but RandomForestRegressor was fitted with feature names
  warnings.warn(
/home/ec2-user/evspot-backend/venv/lib64/python3.9/site-packages/sklearn/utils/validation.py:2739: UserWarning: X does not have valid feature names, but RandomForestRegressor was fitted with feature names
  warnings.warn(
/home/ec2-user/evspot-backend/venv/lib64/python3.9/site-packages/sklearn/utils/validation.py:2739: UserWarning: X does not have valid feature names, but RandomForestRegressor was fitted with feature names
  warnings.warn(
/home/ec2-user/evspot-backend/venv/lib64/python3.9/site-packages/sklearn/utils/validation.py:2739: UserWarning: X does not have valid feature names, but RandomForestRegressor was fitted with feature names
  warnings.warn(
/home/ec2-user/evspot-backend/venv/lib64/python3.9/site-packages/sklearn/utils/validation.py:2739: UserWarning: X does not have valid feature names, but RandomForestRegressor was fitted with feature names
  warnings.warn(
/home/ec2-user/evspot-backend/venv/lib64/python3.9/site-packages/sklearn/utils/validation.py:2739: UserWarning: X does not have valid feature names, but RandomForestRegressor was fitted with feature names
  warnings.warn(
/home/ec2-user/evspot-backend/venv/lib64/python3.9/site-packages/sklearn/utils/validation.py:2739: UserWarning: X does not have valid feature names, but RandomForestRegressor was fitted with feature names
  warnings.warn(
/home/ec2-user/evspot-backend/venv/lib64/python3.9/site-packages/sklearn/utils/validation.py:2739: UserWarning: X does not have valid feature names, but RandomForestRegressor was fitted with feature names
  warnings.warn(
/home/ec2-user/evspot-backend/venv/lib64/python3.9/site-packages/sklearn/utils/validation.py:2739: UserWarning: X does not have valid feature names, but RandomForestRegressor was fitted with feature names
  warnings.warn(
/home/ec2-user/evspot-backend/venv/lib64/python3.9/site-packages/sklearn/utils/validation.py:2739: UserWarning: X does not have valid feature names, but RandomForestRegressor was fitted with feature names
  warnings.warn(
/home/ec2-user/evspot-backend/venv/lib64/python3.9/site-packages/sklearn/utils/validation.py:2739: UserWarning: X does not have valid feature names, but RandomForestRegressor was fitted with feature names
  warnings.warn(
/home/ec2-user/evspot-backend/venv/lib64/python3.9/site-packages/sklearn/utils/validation.py:2739: UserWarning: X does not have valid feature names, but RandomForestRegressor was fitted with feature names
  warnings.warn(
/home/ec2-user/evspot-backend/venv/lib64/python3.9/site-packages/sklearn/utils/validation.py:2739: UserWarning: X does not have valid feature names, but RandomForestRegressor was fitted with feature names
  warnings.warn(
/home/ec2-user/evspot-backend/venv/lib64/python3.9/site-packages/sklearn/utils/validation.py:2739: UserWarning: X does not have valid feature names, but RandomForestRegressor was fitted with feature names
  warnings.warn(
/home/ec2-user/evspot-backend/venv/lib64/python3.9/site-packages/sklearn/utils/validation.py:2739: UserWarning: X does not have valid feature names, but RandomForestRegressor was fitted with feature names
  warnings.warn(
/home/ec2-user/evspot-backend/venv/lib64/python3.9/site-packages/sklearn/utils/validation.py:2739: UserWarning: X does not have valid feature names, but RandomForestRegressor was fitted with feature names
  warnings.warn(
/home/ec2-user/evspot-backend/venv/lib64/python3.9/site-packages/sklearn/utils/validation.py:2739: UserWarning: X does not have valid feature names, but RandomForestRegressor was fitted with feature names
  warnings.warn(
/home/ec2-user/evspot-backend/venv/lib64/python3.9/site-packages/sklearn/utils/validation.py:2739: UserWarning: X does not have valid feature names, but RandomForestRegressor was fitted with feature names
  warnings.warn(
/home/ec2-user/evspot-backend/venv/lib64/python3.9/site-packages/sklearn/utils/validation.py:2739: UserWarning: X does not have valid feature names, but RandomForestRegressor was fitted with feature names
  warnings.warn(
/home/ec2-user/evspot-backend/venv/lib64/python3.9/site-packages/sklearn/utils/validation.py:2739: UserWarning: X does not have valid feature names, but RandomForestRegressor was fitted with feature names
  warnings.warn(
/home/ec2-user/evspot-backend/venv/lib64/python3.9/site-packages/sklearn/utils/validation.py:2739: UserWarning: X does not have valid feature names, but RandomForestRegressor was fitted with feature names
  warnings.warn(
/home/ec2-user/evspot-backend/venv/lib64/python3.9/site-packages/sklearn/utils/validation.py:2739: UserWarning: X does not have valid feature names, but RandomForestRegressor was fitted with feature names
  warnings.warn(
/home/ec2-user/evspot-backend/venv/lib64/python3.9/site-packages/sklearn/utils/validation.py:2739: UserWarning: X does not have valid feature names, but RandomForestRegressor was fitted with feature names
  warnings.warn(
/home/ec2-user/evspot-backend/venv/lib64/python3.9/site-packages/sklearn/utils/validation.py:2739: UserWarning: X does not have valid feature names, but RandomForestRegressor was fitted with feature names
  warnings.warn(
/home/ec2-user/evspot-backend/venv/lib64/python3.9/site-packages/sklearn/utils/validation.py:2739: UserWarning: X does not have valid feature names, but RandomForestRegressor was fitted with feature names
  warnings.warn(
/home/ec2-user/evspot-backend/venv/lib64/python3.9/site-packages/sklearn/utils/validation.py:2739: UserWarning: X does not have valid feature names, but RandomForestRegressor was fitted with feature names
  warnings.warn(
/home/ec2-user/evspot-backend/venv/lib64/python3.9/site-packages/sklearn/utils/validation.py:2739: UserWarning: X does not have valid feature names, but RandomForestRegressor was fitted with feature names
  warnings.warn(
/home/ec2-user/evspot-backend/venv/lib64/python3.9/site-packages/sklearn/utils/validation.py:2739: UserWarning: X does not have valid feature names, but RandomForestRegressor was fitted with feature names
  warnings.warn(
/home/ec2-user/evspot-backend/venv/lib64/python3.9/site-packages/sklearn/utils/validation.py:2739: UserWarning: X does not have valid feature names, but RandomForestRegressor was fitted with feature names
  warnings.warn(
/home/ec2-user/evspot-backend/venv/lib64/python3.9/site-packages/sklearn/utils/validation.py:2739: UserWarning: X does not have valid feature names, but RandomForestRegressor was fitted with feature names
  warnings.warn(
/home/ec2-user/evspot-backend/venv/lib64/python3.9/site-packages/sklearn/utils/validation.py:2739: UserWarning: X does not have valid feature names, but RandomForestRegressor was fitted with feature names
  warnings.warn(
/home/ec2-user/evspot-backend/venv/lib64/python3.9/site-packages/sklearn/utils/validation.py:2739: UserWarning: X does not have valid feature names, but RandomForestRegressor was fitted with feature names
  warnings.warn(
/home/ec2-user/evspot-backend/venv/lib64/python3.9/site-packages/sklearn/utils/validation.py:2739: UserWarning: X does not have valid feature names, but RandomForestRegressor was fitted with feature names
  warnings.warn(
/home/ec2-user/evspot-backend/venv/lib64/python3.9/site-packages/sklearn/utils/validation.py:2739: UserWarning: X does not have valid feature names, but RandomForestRegressor was fitted with feature names
  warnings.warn(
/home/ec2-user/evspot-backend/venv/lib64/python3.9/site-packages/sklearn/utils/validation.py:2739: UserWarning: X does not have valid feature names, but RandomForestRegressor was fitted with feature names
  warnings.warn(
/home/ec2-user/evspot-backend/venv/lib64/python3.9/site-packages/sklearn/utils/validation.py:2739: UserWarning: X does not have valid feature names, but RandomForestRegressor was fitted with feature names
  warnings.warn(
/home/ec2-user/evspot-backend/venv/lib64/python3.9/site-packages/sklearn/utils/validation.py:2739: UserWarning: X does not have valid feature names, but RandomForestRegressor was fitted with feature names
  warnings.warn(
/home/ec2-user/evspot-backend/venv/lib64/python3.9/site-packages/sklearn/utils/validation.py:2739: UserWarning: X does not have valid feature names, but RandomForestRegressor was fitted with feature names
  warnings.warn(
/home/ec2-user/evspot-backend/venv/lib64/python3.9/site-packages/sklearn/utils/validation.py:2739: UserWarning: X does not have valid feature names, but RandomForestRegressor was fitted with feature names
  warnings.warn(
/home/ec2-user/evspot-backend/venv/lib64/python3.9/site-packages/sklearn/utils/validation.py:2739: UserWarning: X does not have valid feature names, but RandomForestRegressor was fitted with feature names
  warnings.warn(
/home/ec2-user/evspot-backend/venv/lib64/python3.9/site-packages/sklearn/utils/validation.py:2739: UserWarning: X does not have valid feature names, but RandomForestRegressor was fitted with feature names
  warnings.warn(
INFO:     106.194.196.52:46924 - "POST /plan-trip HTTP/1.1" 200 OK
INFO:     106.194.196.52:47062 - "POST /login HTTP/1.1" 401 Unauthorized
INFO:     106.194.196.52:47062 - "POST /login HTTP/1.1" 200 OK
/home/ec2-user/evspot-backend/venv/lib64/python3.9/site-packages/sklearn/utils/validation.py:2739: UserWarning: X does not have valid feature names, but RandomForestRegressor was fitted with feature names
  warnings.warn(
/home/ec2-user/evspot-backend/venv/lib64/python3.9/site-packages/sklearn/utils/validation.py:2739: UserWarning: X does not have valid feature names, but RandomForestRegressor was fitted with feature names
  warnings.warn(
/home/ec2-user/evspot-backend/venv/lib64/python3.9/site-packages/sklearn/utils/validation.py:2739: UserWarning: X does not have valid feature names, but RandomForestRegressor was fitted with feature names
  warnings.warn(
/home/ec2-user/evspot-backend/venv/lib64/python3.9/site-packages/sklearn/utils/validation.py:2739: UserWarning: X does not have valid feature names, but RandomForestRegressor was fitted with feature names
  warnings.warn(
/home/ec2-user/evspot-backend/venv/lib64/python3.9/site-packages/sklearn/utils/validation.py:2739: UserWarning: X does not have valid feature names, but RandomForestRegressor was fitted with feature names
  warnings.warn(
/home/ec2-user/evspot-backend/venv/lib64/python3.9/site-packages/sklearn/utils/validation.py:2739: UserWarning: X does not have valid feature names, but RandomForestRegressor was fitted with feature names
  warnings.warn(
/home/ec2-user/evspot-backend/venv/lib64/python3.9/site-packages/sklearn/utils/validation.py:2739: UserWarning: X does not have valid feature names, but RandomForestRegressor was fitted with feature names
  warnings.warn(
/home/ec2-user/evspot-backend/venv/lib64/python3.9/site-packages/sklearn/utils/validation.py:2739: UserWarning: X does not have valid feature names, but RandomForestRegressor was fitted with feature names
  warnings.warn(
/home/ec2-user/evspot-backend/venv/lib64/python3.9/site-packages/sklearn/utils/validation.py:2739: UserWarning: X does not have valid feature names, but RandomForestRegressor was fitted with feature names
  warnings.warn(
/home/ec2-user/evspot-backend/venv/lib64/python3.9/site-packages/sklearn/utils/validation.py:2739: UserWarning: X does not have valid feature names, but RandomForestRegressor was fitted with feature names
  warnings.warn(
/home/ec2-user/evspot-backend/venv/lib64/python3.9/site-packages/sklearn/utils/validation.py:2739: UserWarning: X does not have valid feature names, but RandomForestRegressor was fitted with feature names
  warnings.warn(
/home/ec2-user/evspot-backend/venv/lib64/python3.9/site-packages/sklearn/utils/validation.py:2739: UserWarning: X does not have valid feature names, but RandomForestRegressor was fitted with feature names
  warnings.warn(
/home/ec2-user/evspot-backend/venv/lib64/python3.9/site-packages/sklearn/utils/validation.py:2739: UserWarning: X does not have valid feature names, but RandomForestRegressor was fitted with feature names
  warnings.warn(
/home/ec2-user/evspot-backend/venv/lib64/python3.9/site-packages/sklearn/utils/validation.py:2739: UserWarning: X does not have valid feature names, but RandomForestRegressor was fitted with feature names
  warnings.warn(
/home/ec2-user/evspot-backend/venv/lib64/python3.9/site-packages/sklearn/utils/validation.py:2739: UserWarning: X does not have valid feature names, but RandomForestRegressor was fitted with feature names
  warnings.warn(
/home/ec2-user/evspot-backend/venv/lib64/python3.9/site-packages/sklearn/utils/validation.py:2739: UserWarning: X does not have valid feature names, but RandomForestRegressor was fitted with feature names
  warnings.warn(
/home/ec2-user/evspot-backend/venv/lib64/python3.9/site-packages/sklearn/utils/validation.py:2739: UserWarning: X does not have valid feature names, but RandomForestRegressor was fitted with feature names
  warnings.warn(
/home/ec2-user/evspot-backend/venv/lib64/python3.9/site-packages/sklearn/utils/validation.py:2739: UserWarning: X does not have valid feature names, but RandomForestRegressor was fitted with feature names
  warnings.warn(
/home/ec2-user/evspot-backend/venv/lib64/python3.9/site-packages/sklearn/utils/validation.py:2739: UserWarning: X does not have valid feature names, but RandomForestRegressor was fitted with feature names
  warnings.warn(
/home/ec2-user/evspot-backend/venv/lib64/python3.9/site-packages/sklearn/utils/validation.py:2739: UserWarning: X does not have valid feature names, but RandomForestRegressor was fitted with feature names
  warnings.warn(
/home/ec2-user/evspot-backend/venv/lib64/python3.9/site-packages/sklearn/utils/validation.py:2739: UserWarning: X does not have valid feature names, but RandomForestRegressor was fitted with feature names
  warnings.warn(
/home/ec2-user/evspot-backend/venv/lib64/python3.9/site-packages/sklearn/utils/validation.py:2739: UserWarning: X does not have valid feature names, but RandomForestRegressor was fitted with feature names
  warnings.warn(
/home/ec2-user/evspot-backend/venv/lib64/python3.9/site-packages/sklearn/utils/validation.py:2739: UserWarning: X does not have valid feature names, but RandomForestRegressor was fitted with feature names
  warnings.warn(
/home/ec2-user/evspot-backend/venv/lib64/python3.9/site-packages/sklearn/utils/validation.py:2739: UserWarning: X does not have valid feature names, but RandomForestRegressor was fitted with feature names
  warnings.warn(
/home/ec2-user/evspot-backend/venv/lib64/python3.9/site-packages/sklearn/utils/validation.py:2739: UserWarning: X does not have valid feature names, but RandomForestRegressor was fitted with feature names
  warnings.warn(
/home/ec2-user/evspot-backend/venv/lib64/python3.9/site-packages/sklearn/utils/validation.py:2739: UserWarning: X does not have valid feature names, but RandomForestRegressor was fitted with feature names
  warnings.warn(
/home/ec2-user/evspot-backend/venv/lib64/python3.9/site-packages/sklearn/utils/validation.py:2739: UserWarning: X does not have valid feature names, but RandomForestRegressor was fitted with feature names
  warnings.warn(
/home/ec2-user/evspot-backend/venv/lib64/python3.9/site-packages/sklearn/utils/validation.py:2739: UserWarning: X does not have valid feature names, but RandomForestRegressor was fitted with feature names
  warnings.warn(
/home/ec2-user/evspot-backend/venv/lib64/python3.9/site-packages/sklearn/utils/validation.py:2739: UserWarning: X does not have valid feature names, but RandomForestRegressor was fitted with feature names
  warnings.warn(
/home/ec2-user/evspot-backend/venv/lib64/python3.9/site-packages/sklearn/utils/validation.py:2739: UserWarning: X does not have valid feature names, but RandomForestRegressor was fitted with feature names
  warnings.warn(
/home/ec2-user/evspot-backend/venv/lib64/python3.9/site-packages/sklearn/utils/validation.py:2739: UserWarning: X does not have valid feature names, but RandomForestRegressor was fitted with feature names
  warnings.warn(
/home/ec2-user/evspot-backend/venv/lib64/python3.9/site-packages/sklearn/utils/validation.py:2739: UserWarning: X does not have valid feature names, but RandomForestRegressor was fitted with feature names
  warnings.warn(
/home/ec2-user/evspot-backend/venv/lib64/python3.9/site-packages/sklearn/utils/validation.py:2739: UserWarning: X does not have valid feature names, but RandomForestRegressor was fitted with feature names
  warnings.warn(
/home/ec2-user/evspot-backend/venv/lib64/python3.9/site-packages/sklearn/utils/validation.py:2739: UserWarning: X does not have valid feature names, but RandomForestRegressor was fitted with feature names
  warnings.warn(
/home/ec2-user/evspot-backend/venv/lib64/python3.9/site-packages/sklearn/utils/validation.py:2739: UserWarning: X does not have valid feature names, but RandomForestRegressor was fitted with feature names
  warnings.warn(
/home/ec2-user/evspot-backend/venv/lib64/python3.9/site-packages/sklearn/utils/validation.py:2739: UserWarning: X does not have valid feature names, but RandomForestRegressor was fitted with feature names
  warnings.warn(
/home/ec2-user/evspot-backend/venv/lib64/python3.9/site-packages/sklearn/utils/validation.py:2739: UserWarning: X does not have valid feature names, but RandomForestRegressor was fitted with feature names
  warnings.warn(
/home/ec2-user/evspot-backend/venv/lib64/python3.9/site-packages/sklearn/utils/validation.py:2739: UserWarning: X does not have valid feature names, but RandomForestRegressor was fitted with feature names
  warnings.warn(
/home/ec2-user/evspot-backend/venv/lib64/python3.9/site-packages/sklearn/utils/validation.py:2739: UserWarning: X does not have valid feature names, but RandomForestRegressor was fitted with feature names
  warnings.warn(
/home/ec2-user/evspot-backend/venv/lib64/python3.9/site-packages/sklearn/utils/validation.py:2739: UserWarning: X does not have valid feature names, but RandomForestRegressor was fitted with feature names
  warnings.warn(
/home/ec2-user/evspot-backend/venv/lib64/python3.9/site-packages/sklearn/utils/validation.py:2739: UserWarning: X does not have valid feature names, but RandomForestRegressor was fitted with feature names
  warnings.warn(
/home/ec2-user/evspot-backend/venv/lib64/python3.9/site-packages/sklearn/utils/validation.py:2739: UserWarning: X does not have valid feature names, but RandomForestRegressor was fitted with feature names
  warnings.warn(
/home/ec2-user/evspot-backend/venv/lib64/python3.9/site-packages/sklearn/utils/validation.py:2739: UserWarning: X does not have valid feature names, but RandomForestRegressor was fitted with feature names
  warnings.warn(
/home/ec2-user/evspot-backend/venv/lib64/python3.9/site-packages/sklearn/utils/validation.py:2739: UserWarning: X does not have valid feature names, but RandomForestRegressor was fitted with feature names
  warnings.warn(
/home/ec2-user/evspot-backend/venv/lib64/python3.9/site-packages/sklearn/utils/validation.py:2739: UserWarning: X does not have valid feature names, but RandomForestRegressor was fitted with feature names
  warnings.warn(
/home/ec2-user/evspot-backend/venv/lib64/python3.9/site-packages/sklearn/utils/validation.py:2739: UserWarning: X does not have valid feature names, but RandomForestRegressor was fitted with feature names
  warnings.warn(
/home/ec2-user/evspot-backend/venv/lib64/python3.9/site-packages/sklearn/utils/validation.py:2739: UserWarning: X does not have valid feature names, but RandomForestRegressor was fitted with feature names
  warnings.warn(
/home/ec2-user/evspot-backend/venv/lib64/python3.9/site-packages/sklearn/utils/validation.py:2739: UserWarning: X does not have valid feature names, but RandomForestRegressor was fitted with feature names
  warnings.warn(
/home/ec2-user/evspot-backend/venv/lib64/python3.9/site-packages/sklearn/utils/validation.py:2739: UserWarning: X does not have valid feature names, but RandomForestRegressor was fitted with feature names
  warnings.warn(
/home/ec2-user/evspot-backend/venv/lib64/python3.9/site-packages/sklearn/utils/validation.py:2739: UserWarning: X does not have valid feature names, but RandomForestRegressor was fitted with feature names
  warnings.warn(
/home/ec2-user/evspot-backend/venv/lib64/python3.9/site-packages/sklearn/utils/validation.py:2739: UserWarning: X does not have valid feature names, but RandomForestRegressor was fitted with feature names
  warnings.warn(
/home/ec2-user/evspot-backend/venv/lib64/python3.9/site-packages/sklearn/utils/validation.py:2739: UserWarning: X does not have valid feature names, but RandomForestRegressor was fitted with feature names
  warnings.warn(
/home/ec2-user/evspot-backend/venv/lib64/python3.9/site-packages/sklearn/utils/validation.py:2739: UserWarning: X does not have valid feature names, but RandomForestRegressor was fitted with feature names
  warnings.warn(
/home/ec2-user/evspot-backend/venv/lib64/python3.9/site-packages/sklearn/utils/validation.py:2739: UserWarning: X does not have valid feature names, but RandomForestRegressor was fitted with feature names
  warnings.warn(
/home/ec2-user/evspot-backend/venv/lib64/python3.9/site-packages/sklearn/utils/validation.py:2739: UserWarning: X does not have valid feature names, but RandomForestRegressor was fitted with feature names
  warnings.warn(
INFO:     106.194.196.52:47070 - "POST /plan-trip HTTP/1.1" 200 OK
INFO:     106.194.196.52:47510 - "POST /login HTTP/1.1" 200 OK
/home/ec2-user/evspot-backend/venv/lib64/python3.9/site-packages/sklearn/utils/validation.py:2739: UserWarning: X does not have valid feature names, but RandomForestRegressor was fitted with feature names
  warnings.warn(
/home/ec2-user/evspot-backend/venv/lib64/python3.9/site-packages/sklearn/utils/validation.py:2739: UserWarning: X does not have valid feature names, but RandomForestRegressor was fitted with feature names
  warnings.warn(
/home/ec2-user/evspot-backend/venv/lib64/python3.9/site-packages/sklearn/utils/validation.py:2739: UserWarning: X does not have valid feature names, but RandomForestRegressor was fitted with feature names
  warnings.warn(
/home/ec2-user/evspot-backend/venv/lib64/python3.9/site-packages/sklearn/utils/validation.py:2739: UserWarning: X does not have valid feature names, but RandomForestRegressor was fitted with feature names
  warnings.warn(
/home/ec2-user/evspot-backend/venv/lib64/python3.9/site-packages/sklearn/utils/validation.py:2739: UserWarning: X does not have valid feature names, but RandomForestRegressor was fitted with feature names
  warnings.warn(
/home/ec2-user/evspot-backend/venv/lib64/python3.9/site-packages/sklearn/utils/validation.py:2739: UserWarning: X does not have valid feature names, but RandomForestRegressor was fitted with feature names
  warnings.warn(
/home/ec2-user/evspot-backend/venv/lib64/python3.9/site-packages/sklearn/utils/validation.py:2739: UserWarning: X does not have valid feature names, but RandomForestRegressor was fitted with feature names
  warnings.warn(
/home/ec2-user/evspot-backend/venv/lib64/python3.9/site-packages/sklearn/utils/validation.py:2739: UserWarning: X does not have valid feature names, but RandomForestRegressor was fitted with feature names
  warnings.warn(
/home/ec2-user/evspot-backend/venv/lib64/python3.9/site-packages/sklearn/utils/validation.py:2739: UserWarning: X does not have valid feature names, but RandomForestRegressor was fitted with feature names
  warnings.warn(
/home/ec2-user/evspot-backend/venv/lib64/python3.9/site-packages/sklearn/utils/validation.py:2739: UserWarning: X does not have valid feature names, but RandomForestRegressor was fitted with feature names
  warnings.warn(
/home/ec2-user/evspot-backend/venv/lib64/python3.9/site-packages/sklearn/utils/validation.py:2739: UserWarning: X does not have valid feature names, but RandomForestRegressor was fitted with feature names
  warnings.warn(
/home/ec2-user/evspot-backend/venv/lib64/python3.9/site-packages/sklearn/utils/validation.py:2739: UserWarning: X does not have valid feature names, but RandomForestRegressor was fitted with feature names
  warnings.warn(
/home/ec2-user/evspot-backend/venv/lib64/python3.9/site-packages/sklearn/utils/validation.py:2739: UserWarning: X does not have valid feature names, but RandomForestRegressor was fitted with feature names
  warnings.warn(
/home/ec2-user/evspot-backend/venv/lib64/python3.9/site-packages/sklearn/utils/validation.py:2739: UserWarning: X does not have valid feature names, but RandomForestRegressor was fitted with feature names
  warnings.warn(
/home/ec2-user/evspot-backend/venv/lib64/python3.9/site-packages/sklearn/utils/validation.py:2739: UserWarning: X does not have valid feature names, but RandomForestRegressor was fitted with feature names
  warnings.warn(
/home/ec2-user/evspot-backend/venv/lib64/python3.9/site-packages/sklearn/utils/validation.py:2739: UserWarning: X does not have valid feature names, but RandomForestRegressor was fitted with feature names
  warnings.warn(
/home/ec2-user/evspot-backend/venv/lib64/python3.9/site-packages/sklearn/utils/validation.py:2739: UserWarning: X does not have valid feature names, but RandomForestRegressor was fitted with feature names
  warnings.warn(
/home/ec2-user/evspot-backend/venv/lib64/python3.9/site-packages/sklearn/utils/validation.py:2739: UserWarning: X does not have valid feature names, but RandomForestRegressor was fitted with feature names
  warnings.warn(
/home/ec2-user/evspot-backend/venv/lib64/python3.9/site-packages/sklearn/utils/validation.py:2739: UserWarning: X does not have valid feature names, but RandomForestRegressor was fitted with feature names
  warnings.warn(
/home/ec2-user/evspot-backend/venv/lib64/python3.9/site-packages/sklearn/utils/validation.py:2739: UserWarning: X does not have valid feature names, but RandomForestRegressor was fitted with feature names
  warnings.warn(
/home/ec2-user/evspot-backend/venv/lib64/python3.9/site-packages/sklearn/utils/validation.py:2739: UserWarning: X does not have valid feature names, but RandomForestRegressor was fitted with feature names
  warnings.warn(
/home/ec2-user/evspot-backend/venv/lib64/python3.9/site-packages/sklearn/utils/validation.py:2739: UserWarning: X does not have valid feature names, but RandomForestRegressor was fitted with feature names
  warnings.warn(
/home/ec2-user/evspot-backend/venv/lib64/python3.9/site-packages/sklearn/utils/validation.py:2739: UserWarning: X does not have valid feature names, but RandomForestRegressor was fitted with feature names
  warnings.warn(
/home/ec2-user/evspot-backend/venv/lib64/python3.9/site-packages/sklearn/utils/validation.py:2739: UserWarning: X does not have valid feature names, but RandomForestRegressor was fitted with feature names
  warnings.warn(
/home/ec2-user/evspot-backend/venv/lib64/python3.9/site-packages/sklearn/utils/validation.py:2739: UserWarning: X does not have valid feature names, but RandomForestRegressor was fitted with feature names
  warnings.warn(
/home/ec2-user/evspot-backend/venv/lib64/python3.9/site-packages/sklearn/utils/validation.py:2739: UserWarning: X does not have valid feature names, but RandomForestRegressor was fitted with feature names
  warnings.warn(
/home/ec2-user/evspot-backend/venv/lib64/python3.9/site-packages/sklearn/utils/validation.py:2739: UserWarning: X does not have valid feature names, but RandomForestRegressor was fitted with feature names
  warnings.warn(
/home/ec2-user/evspot-backend/venv/lib64/python3.9/site-packages/sklearn/utils/validation.py:2739: UserWarning: X does not have valid feature names, but RandomForestRegressor was fitted with feature names
  warnings.warn(
/home/ec2-user/evspot-backend/venv/lib64/python3.9/site-packages/sklearn/utils/validation.py:2739: UserWarning: X does not have valid feature names, but RandomForestRegressor was fitted with feature names
  warnings.warn(
/home/ec2-user/evspot-backend/venv/lib64/python3.9/site-packages/sklearn/utils/validation.py:2739: UserWarning: X does not have valid feature names, but RandomForestRegressor was fitted with feature names
  warnings.warn(
/home/ec2-user/evspot-backend/venv/lib64/python3.9/site-packages/sklearn/utils/validation.py:2739: UserWarning: X does not have valid feature names, but RandomForestRegressor was fitted with feature names
  warnings.warn(
/home/ec2-user/evspot-backend/venv/lib64/python3.9/site-packages/sklearn/utils/validation.py:2739: UserWarning: X does not have valid feature names, but RandomForestRegressor was fitted with feature names
  warnings.warn(
/home/ec2-user/evspot-backend/venv/lib64/python3.9/site-packages/sklearn/utils/validation.py:2739: UserWarning: X does not have valid feature names, but RandomForestRegressor was fitted with feature names
  warnings.warn(
/home/ec2-user/evspot-backend/venv/lib64/python3.9/site-packages/sklearn/utils/validation.py:2739: UserWarning: X does not have valid feature names, but RandomForestRegressor was fitted with feature names
  warnings.warn(
/home/ec2-user/evspot-backend/venv/lib64/python3.9/site-packages/sklearn/utils/validation.py:2739: UserWarning: X does not have valid feature names, but RandomForestRegressor was fitted with feature names
  warnings.warn(
/home/ec2-user/evspot-backend/venv/lib64/python3.9/site-packages/sklearn/utils/validation.py:2739: UserWarning: X does not have valid feature names, but RandomForestRegressor was fitted with feature names
  warnings.warn(
/home/ec2-user/evspot-backend/venv/lib64/python3.9/site-packages/sklearn/utils/validation.py:2739: UserWarning: X does not have valid feature names, but RandomForestRegressor was fitted with feature names
  warnings.warn(
/home/ec2-user/evspot-backend/venv/lib64/python3.9/site-packages/sklearn/utils/validation.py:2739: UserWarning: X does not have valid feature names, but RandomForestRegressor was fitted with feature names
  warnings.warn(
INFO:     106.194.196.52:47512 - "POST /plan-trip HTTP/1.1" 200 OK
/home/ec2-user/evspot-backend/venv/lib64/python3.9/site-packages/sklearn/utils/validation.py:2739: UserWarning: X does not have valid feature names, but RandomForestRegressor was fitted with feature names
  warnings.warn(
/home/ec2-user/evspot-backend/venv/lib64/python3.9/site-packages/sklearn/utils/validation.py:2739: UserWarning: X does not have valid feature names, but RandomForestRegressor was fitted with feature names
  warnings.warn(
/home/ec2-user/evspot-backend/venv/lib64/python3.9/site-packages/sklearn/utils/validation.py:2739: UserWarning: X does not have valid feature names, but RandomForestRegressor was fitted with feature names
  warnings.warn(
/home/ec2-user/evspot-backend/venv/lib64/python3.9/site-packages/sklearn/utils/validation.py:2739: UserWarning: X does not have valid feature names, but RandomForestRegressor was fitted with feature names
  warnings.warn(
/home/ec2-user/evspot-backend/venv/lib64/python3.9/site-packages/sklearn/utils/validation.py:2739: UserWarning: X does not have valid feature names, but RandomForestRegressor was fitted with feature names
  warnings.warn(
/home/ec2-user/evspot-backend/venv/lib64/python3.9/site-packages/sklearn/utils/validation.py:2739: UserWarning: X does not have valid feature names, but RandomForestRegressor was fitted with feature names
  warnings.warn(
/home/ec2-user/evspot-backend/venv/lib64/python3.9/site-packages/sklearn/utils/validation.py:2739: UserWarning: X does not have valid feature names, but RandomForestRegressor was fitted with feature names
  warnings.warn(
/home/ec2-user/evspot-backend/venv/lib64/python3.9/site-packages/sklearn/utils/validation.py:2739: UserWarning: X does not have valid feature names, but RandomForestRegressor was fitted with feature names
  warnings.warn(
/home/ec2-user/evspot-backend/venv/lib64/python3.9/site-packages/sklearn/utils/validation.py:2739: UserWarning: X does not have valid feature names, but RandomForestRegressor was fitted with feature names
  warnings.warn(
/home/ec2-user/evspot-backend/venv/lib64/python3.9/site-packages/sklearn/utils/validation.py:2739: UserWarning: X does not have valid feature names, but RandomForestRegressor was fitted with feature names
  warnings.warn(
/home/ec2-user/evspot-backend/venv/lib64/python3.9/site-packages/sklearn/utils/validation.py:2739: UserWarning: X does not have valid feature names, but RandomForestRegressor was fitted with feature names
  warnings.warn(
/home/ec2-user/evspot-backend/venv/lib64/python3.9/site-packages/sklearn/utils/validation.py:2739: UserWarning: X does not have valid feature names, but RandomForestRegressor was fitted with feature names
  warnings.warn(
/home/ec2-user/evspot-backend/venv/lib64/python3.9/site-packages/sklearn/utils/validation.py:2739: UserWarning: X does not have valid feature names, but RandomForestRegressor was fitted with feature names
  warnings.warn(
/home/ec2-user/evspot-backend/venv/lib64/python3.9/site-packages/sklearn/utils/validation.py:2739: UserWarning: X does not have valid feature names, but RandomForestRegressor was fitted with feature names
  warnings.warn(
/home/ec2-user/evspot-backend/venv/lib64/python3.9/site-packages/sklearn/utils/validation.py:2739: UserWarning: X does not have valid feature names, but RandomForestRegressor was fitted with feature names
  warnings.warn(
/home/ec2-user/evspot-backend/venv/lib64/python3.9/site-packages/sklearn/utils/validation.py:2739: UserWarning: X does not have valid feature names, but RandomForestRegressor was fitted with feature names
  warnings.warn(
/home/ec2-user/evspot-backend/venv/lib64/python3.9/site-packages/sklearn/utils/validation.py:2739: UserWarning: X does not have valid feature names, but RandomForestRegressor was fitted with feature names
  warnings.warn(
/home/ec2-user/evspot-backend/venv/lib64/python3.9/site-packages/sklearn/utils/validation.py:2739: UserWarning: X does not have valid feature names, but RandomForestRegressor was fitted with feature names
  warnings.warn(
/home/ec2-user/evspot-backend/venv/lib64/python3.9/site-packages/sklearn/utils/validation.py:2739: UserWarning: X does not have valid feature names, but RandomForestRegressor was fitted with feature names
  warnings.warn(
/home/ec2-user/evspot-backend/venv/lib64/python3.9/site-packages/sklearn/utils/validation.py:2739: UserWarning: X does not have valid feature names, but RandomForestRegressor was fitted with feature names
  warnings.warn(
/home/ec2-user/evspot-backend/venv/lib64/python3.9/site-packages/sklearn/utils/validation.py:2739: UserWarning: X does not have valid feature names, but RandomForestRegressor was fitted with feature names
  warnings.warn(
/home/ec2-user/evspot-backend/venv/lib64/python3.9/site-packages/sklearn/utils/validation.py:2739: UserWarning: X does not have valid feature names, but RandomForestRegressor was fitted with feature names
  warnings.warn(
/home/ec2-user/evspot-backend/venv/lib64/python3.9/site-packages/sklearn/utils/validation.py:2739: UserWarning: X does not have valid feature names, but RandomForestRegressor was fitted with feature names
  warnings.warn(
/home/ec2-user/evspot-backend/venv/lib64/python3.9/site-packages/sklearn/utils/validation.py:2739: UserWarning: X does not have valid feature names, but RandomForestRegressor was fitted with feature names
  warnings.warn(
/home/ec2-user/evspot-backend/venv/lib64/python3.9/site-packages/sklearn/utils/validation.py:2739: UserWarning: X does not have valid feature names, but RandomForestRegressor was fitted with feature names
  warnings.warn(
/home/ec2-user/evspot-backend/venv/lib64/python3.9/site-packages/sklearn/utils/validation.py:2739: UserWarning: X does not have valid feature names, but RandomForestRegressor was fitted with feature names
  warnings.warn(
/home/ec2-user/evspot-backend/venv/lib64/python3.9/site-packages/sklearn/utils/validation.py:2739: UserWarning: X does not have valid feature names, but RandomForestRegressor was fitted with feature names
  warnings.warn(
/home/ec2-user/evspot-backend/venv/lib64/python3.9/site-packages/sklearn/utils/validation.py:2739: UserWarning: X does not have valid feature names, but RandomForestRegressor was fitted with feature names
  warnings.warn(
/home/ec2-user/evspot-backend/venv/lib64/python3.9/site-packages/sklearn/utils/validation.py:2739: UserWarning: X does not have valid feature names, but RandomForestRegressor was fitted with feature names
  warnings.warn(
/home/ec2-user/evspot-backend/venv/lib64/python3.9/site-packages/sklearn/utils/validation.py:2739: UserWarning: X does not have valid feature names, but RandomForestRegressor was fitted with feature names
  warnings.warn(
/home/ec2-user/evspot-backend/venv/lib64/python3.9/site-packages/sklearn/utils/validation.py:2739: UserWarning: X does not have valid feature names, but RandomForestRegressor was fitted with feature names
  warnings.warn(
/home/ec2-user/evspot-backend/venv/lib64/python3.9/site-packages/sklearn/utils/validation.py:2739: UserWarning: X does not have valid feature names, but RandomForestRegressor was fitted with feature names
  warnings.warn(
/home/ec2-user/evspot-backend/venv/lib64/python3.9/site-packages/sklearn/utils/validation.py:2739: UserWarning: X does not have valid feature names, but RandomForestRegressor was fitted with feature names
  warnings.warn(
/home/ec2-user/evspot-backend/venv/lib64/python3.9/site-packages/sklearn/utils/validation.py:2739: UserWarning: X does not have valid feature names, but RandomForestRegressor was fitted with feature names
  warnings.warn(
/home/ec2-user/evspot-backend/venv/lib64/python3.9/site-packages/sklearn/utils/validation.py:2739: UserWarning: X does not have valid feature names, but RandomForestRegressor was fitted with feature names
  warnings.warn(
/home/ec2-user/evspot-backend/venv/lib64/python3.9/site-packages/sklearn/utils/validation.py:2739: UserWarning: X does not have valid feature names, but RandomForestRegressor was fitted with feature names
  warnings.warn(
/home/ec2-user/evspot-backend/venv/lib64/python3.9/site-packages/sklearn/utils/validation.py:2739: UserWarning: X does not have valid feature names, but RandomForestRegressor was fitted with feature names
  warnings.warn(
/home/ec2-user/evspot-backend/venv/lib64/python3.9/site-packages/sklearn/utils/validation.py:2739: UserWarning: X does not have valid feature names, but RandomForestRegressor was fitted with feature names
  warnings.warn(
/home/ec2-user/evspot-backend/venv/lib64/python3.9/site-packages/sklearn/utils/validation.py:2739: UserWarning: X does not have valid feature names, but RandomForestRegressor was fitted with feature names
  warnings.warn(
/home/ec2-user/evspot-backend/venv/lib64/python3.9/site-packages/sklearn/utils/validation.py:2739: UserWarning: X does not have valid feature names, but RandomForestRegressor was fitted with feature names
  warnings.warn(
/home/ec2-user/evspot-backend/venv/lib64/python3.9/site-packages/sklearn/utils/validation.py:2739: UserWarning: X does not have valid feature names, but RandomForestRegressor was fitted with feature names
  warnings.warn(
/home/ec2-user/evspot-backend/venv/lib64/python3.9/site-packages/sklearn/utils/validation.py:2739: UserWarning: X does not have valid feature names, but RandomForestRegressor was fitted with feature names
  warnings.warn(
/home/ec2-user/evspot-backend/venv/lib64/python3.9/site-packages/sklearn/utils/validation.py:2739: UserWarning: X does not have valid feature names, but RandomForestRegressor was fitted with feature names
  warnings.warn(
/home/ec2-user/evspot-backend/venv/lib64/python3.9/site-packages/sklearn/utils/validation.py:2739: UserWarning: X does not have valid feature names, but RandomForestRegressor was fitted with feature names
  warnings.warn(
/home/ec2-user/evspot-backend/venv/lib64/python3.9/site-packages/sklearn/utils/validation.py:2739: UserWarning: X does not have valid feature names, but RandomForestRegressor was fitted with feature names
  warnings.warn(
/home/ec2-user/evspot-backend/venv/lib64/python3.9/site-packages/sklearn/utils/validation.py:2739: UserWarning: X does not have valid feature names, but RandomForestRegressor was fitted with feature names
  warnings.warn(
/home/ec2-user/evspot-backend/venv/lib64/python3.9/site-packages/sklearn/utils/validation.py:2739: UserWarning: X does not have valid feature names, but RandomForestRegressor was fitted with feature names
  warnings.warn(
/home/ec2-user/evspot-backend/venv/lib64/python3.9/site-packages/sklearn/utils/validation.py:2739: UserWarning: X does not have valid feature names, but RandomForestRegressor was fitted with feature names
  warnings.warn(
/home/ec2-user/evspot-backend/venv/lib64/python3.9/site-packages/sklearn/utils/validation.py:2739: UserWarning: X does not have valid feature names, but RandomForestRegressor was fitted with feature names
  warnings.warn(
/home/ec2-user/evspot-backend/venv/lib64/python3.9/site-packages/sklearn/utils/validation.py:2739: UserWarning: X does not have valid feature names, but RandomForestRegressor was fitted with feature names
  warnings.warn(
/home/ec2-user/evspot-backend/venv/lib64/python3.9/site-packages/sklearn/utils/validation.py:2739: UserWarning: X does not have valid feature names, but RandomForestRegressor was fitted with feature names
  warnings.warn(
/home/ec2-user/evspot-backend/venv/lib64/python3.9/site-packages/sklearn/utils/validation.py:2739: UserWarning: X does not have valid feature names, but RandomForestRegressor was fitted with feature names
  warnings.warn(
/home/ec2-user/evspot-backend/venv/lib64/python3.9/site-packages/sklearn/utils/validation.py:2739: UserWarning: X does not have valid feature names, but RandomForestRegressor was fitted with feature names
  warnings.warn(
/home/ec2-user/evspot-backend/venv/lib64/python3.9/site-packages/sklearn/utils/validation.py:2739: UserWarning: X does not have valid feature names, but RandomForestRegressor was fitted with feature names
  warnings.warn(
/home/ec2-user/evspot-backend/venv/lib64/python3.9/site-packages/sklearn/utils/validation.py:2739: UserWarning: X does not have valid feature names, but RandomForestRegressor was fitted with feature names
  warnings.warn(
INFO:     106.194.196.52:47514 - "POST /plan-trip HTTP/1.1" 200 OK
INFO:     106.194.196.52:49342 - "POST /login HTTP/1.1" 200 OK
INFO:     106.194.196.52:49344 - "GET /stations HTTP/1.1" 200 OK
WARNING:  Invalid HTTP request received.
INFO:     65.49.1.232:64610 - "GET / HTTP/1.1" 200 OK
INFO:     65.49.1.235:9621 - "GET /favicon.ico HTTP/1.1" 404 Not Found
INFO:     65.49.1.236:54177 - "GET http%3A//api.ipify.org/?format=json HTTP/1.1" 404 Not Found
INFO:     65.49.1.235:49867 - "CONNECT www.shadowserver.org%3A443 HTTP/1.1" 404 Not Found
INFO:     185.242.226.87:39908 - "GET / HTTP/1.1" 200 OK
INFO:     152.59.59.15:49459 - "POST /login HTTP/1.1" 200 OK
INFO:     42.111.110.19:17683 - "POST /login HTTP/1.1" 200 OK
INFO:     223.228.59.53:60246 - "POST /login HTTP/1.1" 401 Unauthorized
INFO:     223.228.59.53:39672 - "POST /login HTTP/1.1" 200 OK
INFO:     223.228.59.53:19975 - "POST /login HTTP/1.1" 200 OK
INFO:     223.228.59.53:19975 - "GET /stations HTTP/1.1" 200 OK
/home/ec2-user/evspot-backend/venv/lib64/python3.9/site-packages/sklearn/utils/validation.py:2739: UserWarning: X does not have valid feature names, but RandomForestRegressor was fitted with feature names
  warnings.warn(
/home/ec2-user/evspot-backend/venv/lib64/python3.9/site-packages/sklearn/utils/validation.py:2739: UserWarning: X does not have valid feature names, but RandomForestRegressor was fitted with feature names
  warnings.warn(
/home/ec2-user/evspot-backend/venv/lib64/python3.9/site-packages/sklearn/utils/validation.py:2739: UserWarning: X does not have valid feature names, but RandomForestRegressor was fitted with feature names
  warnings.warn(
/home/ec2-user/evspot-backend/venv/lib64/python3.9/site-packages/sklearn/utils/validation.py:2739: UserWarning: X does not have valid feature names, but RandomForestRegressor was fitted with feature names
  warnings.warn(
/home/ec2-user/evspot-backend/venv/lib64/python3.9/site-packages/sklearn/utils/validation.py:2739: UserWarning: X does not have valid feature names, but RandomForestRegressor was fitted with feature names
  warnings.warn(
/home/ec2-user/evspot-backend/venv/lib64/python3.9/site-packages/sklearn/utils/validation.py:2739: UserWarning: X does not have valid feature names, but RandomForestRegressor was fitted with feature names
  warnings.warn(
/home/ec2-user/evspot-backend/venv/lib64/python3.9/site-packages/sklearn/utils/validation.py:2739: UserWarning: X does not have valid feature names, but RandomForestRegressor was fitted with feature names
  warnings.warn(
/home/ec2-user/evspot-backend/venv/lib64/python3.9/site-packages/sklearn/utils/validation.py:2739: UserWarning: X does not have valid feature names, but RandomForestRegressor was fitted with feature names
  warnings.warn(
/home/ec2-user/evspot-backend/venv/lib64/python3.9/site-packages/sklearn/utils/validation.py:2739: UserWarning: X does not have valid feature names, but RandomForestRegressor was fitted with feature names
  warnings.warn(
/home/ec2-user/evspot-backend/venv/lib64/python3.9/site-packages/sklearn/utils/validation.py:2739: UserWarning: X does not have valid feature names, but RandomForestRegressor was fitted with feature names
  warnings.warn(
INFO:     42.111.110.19:21989 - "POST /login HTTP/1.1" 200 OK
/home/ec2-user/evspot-backend/venv/lib64/python3.9/site-packages/sklearn/utils/validation.py:2739: UserWarning: X does not have valid feature names, but RandomForestRegressor was fitted with feature names
  warnings.warn(
/home/ec2-user/evspot-backend/venv/lib64/python3.9/site-packages/sklearn/utils/validation.py:2739: UserWarning: X does not have valid feature names, but RandomForestRegressor was fitted with feature names
  warnings.warn(
/home/ec2-user/evspot-backend/venv/lib64/python3.9/site-packages/sklearn/utils/validation.py:2739: UserWarning: X does not have valid feature names, but RandomForestRegressor was fitted with feature names
  warnings.warn(
/home/ec2-user/evspot-backend/venv/lib64/python3.9/site-packages/sklearn/utils/validation.py:2739: UserWarning: X does not have valid feature names, but RandomForestRegressor was fitted with feature names
  warnings.warn(
/home/ec2-user/evspot-backend/venv/lib64/python3.9/site-packages/sklearn/utils/validation.py:2739: UserWarning: X does not have valid feature names, but RandomForestRegressor was fitted with feature names
  warnings.warn(
/home/ec2-user/evspot-backend/venv/lib64/python3.9/site-packages/sklearn/utils/validation.py:2739: UserWarning: X does not have valid feature names, but RandomForestRegressor was fitted with feature names
  warnings.warn(
/home/ec2-user/evspot-backend/venv/lib64/python3.9/site-packages/sklearn/utils/validation.py:2739: UserWarning: X does not have valid feature names, but RandomForestRegressor was fitted with feature names
  warnings.warn(
/home/ec2-user/evspot-backend/venv/lib64/python3.9/site-packages/sklearn/utils/validation.py:2739: UserWarning: X does not have valid feature names, but RandomForestRegressor was fitted with feature names
  warnings.warn(
/home/ec2-user/evspot-backend/venv/lib64/python3.9/site-packages/sklearn/utils/validation.py:2739: UserWarning: X does not have valid feature names, but RandomForestRegressor was fitted with feature names
  warnings.warn(
/home/ec2-user/evspot-backend/venv/lib64/python3.9/site-packages/sklearn/utils/validation.py:2739: UserWarning: X does not have valid feature names, but RandomForestRegressor was fitted with feature names
  warnings.warn(
INFO:     223.228.59.53:42038 - "POST /plan-trip HTTP/1.1" 500 Internal Server Error
ERROR:    Exception in ASGI application
Traceback (most recent call last):
  File "/home/ec2-user/evspot-backend/venv/lib64/python3.9/site-packages/uvicorn/protocols/http/h11_impl.py", line 409, in run_asgi
    result = await app(  # type: ignore[func-returns-value]
  File "/home/ec2-user/evspot-backend/venv/lib64/python3.9/site-packages/uvicorn/middleware/proxy_headers.py", line 60, in __call__
    return await self.app(scope, receive, send)
  File "/home/ec2-user/evspot-backend/venv/lib64/python3.9/site-packages/fastapi/applications.py", line 1138, in __call__
    await super().__call__(scope, receive, send)
  File "/home/ec2-user/evspot-backend/venv/lib64/python3.9/site-packages/starlette/applications.py", line 113, in __call__
    await self.middleware_stack(scope, receive, send)
  File "/home/ec2-user/evspot-backend/venv/lib64/python3.9/site-packages/starlette/middleware/errors.py", line 186, in __call__
    raise exc
  File "/home/ec2-user/evspot-backend/venv/lib64/python3.9/site-packages/starlette/middleware/errors.py", line 164, in __call__
    await self.app(scope, receive, _send)
  File "/home/ec2-user/evspot-backend/venv/lib64/python3.9/site-packages/starlette/middleware/exceptions.py", line 63, in __call__
    await wrap_app_handling_exceptions(self.app, conn)(scope, receive, send)
  File "/home/ec2-user/evspot-backend/venv/lib64/python3.9/site-packages/starlette/_exception_handler.py", line 53, in wrapped_app
    raise exc
  File "/home/ec2-user/evspot-backend/venv/lib64/python3.9/site-packages/starlette/_exception_handler.py", line 42, in wrapped_app
    await app(scope, receive, sender)
  File "/home/ec2-user/evspot-backend/venv/lib64/python3.9/site-packages/fastapi/middleware/asyncexitstack.py", line 18, in __call__
    await self.app(scope, receive, send)
  File "/home/ec2-user/evspot-backend/venv/lib64/python3.9/site-packages/starlette/routing.py", line 716, in __call__
    await self.middleware_stack(scope, receive, send)
  File "/home/ec2-user/evspot-backend/venv/lib64/python3.9/site-packages/starlette/routing.py", line 736, in app
    await route.handle(scope, receive, send)
  File "/home/ec2-user/evspot-backend/venv/lib64/python3.9/site-packages/starlette/routing.py", line 290, in handle
    await self.app(scope, receive, send)
  File "/home/ec2-user/evspot-backend/venv/lib64/python3.9/site-packages/fastapi/routing.py", line 121, in app
    await wrap_app_handling_exceptions(app, request)(scope, receive, send)
  File "/home/ec2-user/evspot-backend/venv/lib64/python3.9/site-packages/starlette/_exception_handler.py", line 53, in wrapped_app
    raise exc
  File "/home/ec2-user/evspot-backend/venv/lib64/python3.9/site-packages/starlette/_exception_handler.py", line 42, in wrapped_app
    await app(scope, receive, sender)
  File "/home/ec2-user/evspot-backend/venv/lib64/python3.9/site-packages/fastapi/routing.py", line 107, in app
    response = await f(request)
  File "/home/ec2-user/evspot-backend/venv/lib64/python3.9/site-packages/fastapi/routing.py", line 426, in app
    raw_response = await run_endpoint_function(
  File "/home/ec2-user/evspot-backend/venv/lib64/python3.9/site-packages/fastapi/routing.py", line 316, in run_endpoint_function
    return await run_in_threadpool(dependant.call, **values)
  File "/home/ec2-user/evspot-backend/venv/lib64/python3.9/site-packages/starlette/concurrency.py", line 38, in run_in_threadpool
    return await anyio.to_thread.run_sync(func)
  File "/home/ec2-user/evspot-backend/venv/lib64/python3.9/site-packages/anyio/to_thread.py", line 63, in run_sync
    return await get_async_backend().run_sync_in_worker_thread(
  File "/home/ec2-user/evspot-backend/venv/lib64/python3.9/site-packages/anyio/_backends/_asyncio.py", line 2502, in run_sync_in_worker_thread
    return await future
  File "/home/ec2-user/evspot-backend/venv/lib64/python3.9/site-packages/anyio/_backends/_asyncio.py", line 986, in run
    result = context.run(func, *args)
  File "/home/ec2-user/evspot-backend/main.py", line 378, in plan_trip
    best = min(
ValueError: min() arg is an empty sequence
